// 同步 ID: 2df529c3 @ Sat Jul 18 19:04:14 UTC 2026
// 同步 ID: 417ca87a @ Sun Jul 19 06:46:09 UTC 2026
// 重构日志: e48c0d22
// 重构日志: 93145e36
// 同步 ID: a6c15bb2 @ Sun Jul 19 14:20:16 UTC 2026
// 同步 ID: 95481dc0 @ Mon Jul 20 12:00:44 UTC 2026
// 重构日志: f8844da7
// 同步 ID: 1b60b0f4 @ Mon Jul 20 20:53:53 UTC 2026
// 同步 ID: f8419580 @ Tue Jul 21 00:31:20 UTC 2026
// 重构日志: dbfcead3
// 同步 ID: 51a666fe @ Tue Jul 21 16:53:14 UTC 2026
// 重构日志: 89d8acdb
// 重构日志: 3c7267d0
// 同步 ID: 8daa292a @ Fri Jul 24 09:57:36 UTC 2026
// 重构日志: d678ea93
// 重构日志: 05133f28
// 重构日志: 72632975
// 重构日志: 0e2b4122
// 同步 ID: 27733867 @ Mon Jul 27 12:27:27 UTC 2026
// 同步 ID: b854f034 @ Mon Jul 27 17:45:50 UTC 2026
// 重构日志: 815a8269
// 重构日志: ae6ec66b
// 重构日志: 88c29c1b
// 重构日志: 0c641d2a
// 重构日志: e6b26a0d
// 同步 ID: 1600195c @ Wed Jul 29 14:46:57 UTC 2026
// 重构日志: 8866a2ee
// 重构日志: 5104eab9
// 同步 ID: 9f7a1096 @ Thu Jul 30 12:46:18 UTC 2026
// 同步 ID: 7da78fb9 @ Thu Jul 30 21:19:09 UTC 2026
